2026-07-25 02:54:21.055 [DEBUG] Restoring video window state: geometry=b'\x01\xd9\xd0\xcb\x00\x03\x00\x00\x00\x00\x00`\x00\x00\x00\x15\x00\x00\x07\x1f\x00\x00\x03\xd3\x00\x00\x00`\x00\x00\x004\x00\x00\x07\x1f\x00\x00\x03\xd3\x00\x00\x00\x00\x00\x00\x00\x00\x07\x80\x00\x00\x00`\x00\x00\x004\x00\x00\x07\x1f\x00\x00\x03\xd3'
2026-07-25 02:54:21.055 [DEBUG] restoreGeometry returned True
2026-07-25 02:54:21.056 [DEBUG] Restoring video volume: 65
2026-07-25 02:54:23.046 [DEBUG] Restoring video window state: geometry=b'\x01\xd9\xd0\xcb\x00\x03\x00\x00\x00\x00\x00`\x00\x00\x00\x15\x00\x00\x07\x1f\x00\x00\x03\xd3\x00\x00\x00`\x00\x00\x004\x00\x00\x07\x1f\x00\x00\x03\xd3\x00\x00\x00\x00\x00\x00\x00\x00\x07\x80\x00\x00\x00`\x00\x00\x004\x00\x00\x07\x1f\x00\x00\x03\xd3'
2026-07-25 02:54:23.047 [DEBUG] restoreGeometry returned True
2026-07-25 02:54:23.048 [DEBUG] Restoring video volume: 65
2026-07-25 02:54:23.048 [DEBUG] Watch mode enabled; starting source watcher
2026-07-25 02:54:23.050 [INFO] Entering Qt event loop
2026-07-25 02:55:39.678 [DEBUG] Displaying chat message from azethrone: Люди которые уезжают туда, не станут трястись за игру. Это  воздуханы
2026-07-25 02:55:49.421 [DEBUG] Chat anchor clicked: reply:azethrone
2026-07-25 02:55:49.422 [DEBUG] Replying to username: azethrone
2026-07-25 02:56:46.056 [DEBUG] Displaying chat message from frokf0t: @azethrone хахахахахха так мне похуй вась в квадрате
2026-07-25 02:57:04.151 [DEBUG] Displaying chat message from balamutka27: а ты роль имеешь,чтоб зайти в рдр
2026-07-25 02:57:10.241 [DEBUG] Displaying chat message from balamutka27: вчера общались
2026-07-25 02:57:12.534 [DEBUG] Displaying chat message from azethrone: @frokf0t Так а че ты трясешься за игру тогда, если тебе пофиг?
2026-07-25 02:57:29.725 [DEBUG] Displaying chat message from xxhumba: @azethrone те кто туда едут в ближайшее время, им точно было бы не до игры
2026-07-25 02:57:31.569 [DEBUG] Displaying chat message from balamutka27: инет херовый?
2026-07-25 02:57:45.430 [DEBUG] Displaying chat message from NA_POPKE_BANTIK: Салют!
2026-07-25 02:58:01.664 [DEBUG] Displaying chat message from azethrone: @xxhumba да я о том же, они могут не вернутся, а они думают как бы перекафать
2026-07-25 02:58:03.739 [DEBUG] Displaying chat message from balamutka27: @xxhumba согласна,а тут понтов сток ,я ухожу мне пох,а в итоге здесь пытаеться выехать
2026-07-25 02:58:30.308 [DEBUG] Displaying chat message from azethrone: Мне до сих пор никто ничего не скинул в ДС. Воздуханы. Ща пойдет в ИИ фотку замутить
2026-07-25 02:58:40.500 [DEBUG] Displaying chat message from balamutka27: @azethrone ахххаа
2026-07-25 02:58:42.080 [DEBUG] Displaying chat message from NA_POPKE_BANTIK: бля там Лилиана орёт во всё горло)
2026-07-25 02:59:41.527 [DEBUG] Displaying chat message from xxhumba: @frokf0t ты знаешь что такое обнул?
2026-07-25 02:59:54.744 [DEBUG] Displaying chat message from balamutka27: монетку нашел)
2026-07-25 03:00:06.270 [DEBUG] Displaying chat message from NA_POPKE_BANTIK: кто? за что?
2026-07-25 03:00:18.860 [DEBUG] Displaying chat message from Nightbot: Поддержи начинающего стримера монеткой, спасибо за поддержку, дружище! https://www.donationalerts.com/r/zheka_pirate25
2026-07-25 03:00:23.295 [DEBUG] Source change detected: C:\Tools\Twitcher\mainmenu.py
2026-07-25 03:00:23.297 [DEBUG] Requesting Qt application quit from watcher thread
2026-07-25 03:00:23.300 [DEBUG] Saving video window geometry: b'\x01\xd9\xd0\xcb\x00\x03\x00\x00\x00\x00\x00\n\x00\x00\x00\x04\x00\x00\x03\x8d\x00\x00\x02H\x00\x00\x00\n\x00\x00\x00#\x00\x00\x03\x8d\x00\x00\x02H\x00\x00\x00\x00\x00\x00\x00\x00\x07\x80\x00\x00\x00\n\x00\x00\x00#\x00\x00\x03\x8d\x00\x00\x02H'
2026-07-25 03:00:23.301 [DEBUG] Saving video volume: 65
2026-07-25 03:00:23.402 [DEBUG] MainMenu.closeEvent invoked
2026-07-25 03:00:23.402 [DEBUG] Saving video window geometry: b'\x01\xd9\xd0\xcb\x00\x03\x00\x00\x00\x00\x00\n\x00\x00\x00\x04\x00\x00\x03\x8d\x00\x00\x02H\x00\x00\x00\n\x00\x00\x00#\x00\x00\x03\x8d\x00\x00\x02H\x00\x00\x00\x00\x00\x00\x00\x00\x07\x80\x00\x00\x00\n\x00\x00\x00#\x00\x00\x03\x8d\x00\x00\x02H'
2026-07-25 03:00:23.403 [DEBUG] Saving video volume: 65
2026-07-25 03:00:23.407 [INFO] Qt event loop exited with code 0
2026-07-25 03:00:29.956 [DEBUG] Restoring video window state: geometry=b'\x01\xd9\xd0\xcb\x00\x03\x00\x00\x00\x00\x00\n\x00\x00\x00\x04\x00\x00\x03\x8d\x00\x00\x02H\x00\x00\x00\n\x00\x00\x00#\x00\x00\x03\x8d\x00\x00\x02H\x00\x00\x00\x00\x00\x00\x00\x00\x07\x80\x00\x00\x00\n\x00\x00\x00#\x00\x00\x03\x8d\x00\x00\x02H'
2026-07-25 03:00:29.957 [DEBUG] restoreGeometry returned True
2026-07-25 03:00:29.957 [DEBUG] Restoring video volume: 65
2026-07-25 03:00:36.412 [DEBUG] Restoring video window state: geometry=b'\x01\xd9\xd0\xcb\x00\x03\x00\x00\x00\x00\x00\n\x00\x00\x00\x04\x00\x00\x03\x8d\x00\x00\x02H\x00\x00\x00\n\x00\x00\x00#\x00\x00\x03\x8d\x00\x00\x02H\x00\x00\x00\x00\x00\x00\x00\x00\x07\x80\x00\x00\x00\n\x00\x00\x00#\x00\x00\x03\x8d\x00\x00\x02H'
2026-07-25 03:00:36.416 [DEBUG] restoreGeometry returned True
2026-07-25 03:00:36.420 [DEBUG] Restoring video volume: 65
2026-07-25 03:00:36.454 [DEBUG] Watch mode enabled; starting source watcher
2026-07-25 03:00:36.469 [INFO] Entering Qt event loop
2026-07-25 03:00:42.966 [DEBUG] Displaying chat message from demon_mp: https://youtu.be/aqZxIL4YE2I?si=A1fGB9tB0MubnXLW
2026-07-25 03:01:06.524 [DEBUG] Displaying chat message from frokf0t: @azethrone ахахахахахх ты жб будешь на ак кидать а новый дс ебал делать
2026-07-25 03:01:11.051 [DEBUG] Displaying chat message from NA_POPKE_BANTIK: пон
2026-07-25 03:01:36.936 [DEBUG] Displaying chat message from frokf0t: я уже там был больше чем ты спал
2026-07-25 03:01:41.249 [DEBUG] Displaying chat message from azethrone: @frokf0t А зачем ты у меня ДС просил тогда? Пёрнул сначала, а потом подумал
2026-07-25 03:01:48.717 [DEBUG] Displaying chat message from frokf0t: @azethrone тг
2026-07-25 03:02:51.912 [DEBUG] Displaying chat message from NA_POPKE_BANTIK: кстати маска бороду сворачивает)
2026-07-25 03:03:05.460 [DEBUG] Displaying chat message from NA_POPKE_BANTIK: мог тот мужик в маске который был
2026-07-25 03:03:12.606 [DEBUG] Displaying chat message from azethrone: @frokf0t Да ты воздух уже, отдыхай
2026-07-25 03:03:25.488 [DEBUG] Displaying chat message from frokf0t: @azethrone хахаххах так дай тг
2026-07-25 03:03:35.907 [DEBUG] Displaying chat message from NA_POPKE_BANTIK: в бандане был, незнаю лысый или нет
2026-07-25 03:03:39.968 [DEBUG] Displaying chat message from frokf0t: юз че ты на жопу сел
2026-07-25 03:03:47.315 [DEBUG] Displaying chat message from azethrone: @frokf0t я тебе ДС уже дал. Тебе нужно что-то доказывать, так делай
2026-07-25 03:04:05.164 [DEBUG] Displaying chat message from azethrone: Зачем ты за ДС трясешься раз собрался ехать туда
2026-07-25 03:04:30.096 [DEBUG] Displaying chat message from frokf0t: @azethrone ахахахаххах так ты же жб кидать будешь\
2026-07-25 03:04:45.629 [DEBUG] Source change detected: C:\Tools\Twitcher\mainmenu.py
2026-07-25 03:04:45.629 [DEBUG] Requesting Qt application quit from watcher thread
2026-07-25 03:04:45.630 [DEBUG] Saving video window geometry: b'\x01\xd9\xd0\xcb\x00\x03\x00\x00\x00\x00\x00\n\x00\x00\x00\x04\x00\x00\x03\x8d\x00\x00\x02H\x00\x00\x00\n\x00\x00\x00#\x00\x00\x03\x8d\x00\x00\x02H\x00\x00\x00\x00\x00\x00\x00\x00\x07\x80\x00\x00\x00\n\x00\x00\x00#\x00\x00\x03\x8d\x00\x00\x02H'
2026-07-25 03:04:45.631 [DEBUG] Saving video volume: 65
2026-07-25 03:04:45.745 [DEBUG] MainMenu.closeEvent invoked
2026-07-25 03:04:45.746 [DEBUG] Saving video window geometry: b'\x01\xd9\xd0\xcb\x00\x03\x00\x00\x00\x00\x00\n\x00\x00\x00\x04\x00\x00\x03\x8d\x00\x00\x02H\x00\x00\x00\n\x00\x00\x00#\x00\x00\x03\x8d\x00\x00\x02H\x00\x00\x00\x00\x00\x00\x00\x00\x07\x80\x00\x00\x00\n\x00\x00\x00#\x00\x00\x03\x8d\x00\x00\x02H'
2026-07-25 03:04:45.747 [DEBUG] Saving video volume: 65
2026-07-25 03:04:45.752 [INFO] Qt event loop exited with code 0
2026-07-25 03:04:51.180 [DEBUG] Restoring video window state: geometry=b'\x01\xd9\xd0\xcb\x00\x03\x00\x00\x00\x00\x00\n\x00\x00\x00\x04\x00\x00\x03\x8d\x00\x00\x02H\x00\x00\x00\n\x00\x00\x00#\x00\x00\x03\x8d\x00\x00\x02H\x00\x00\x00\x00\x00\x00\x00\x00\x07\x80\x00\x00\x00\n\x00\x00\x00#\x00\x00\x03\x8d\x00\x00\x02H'
2026-07-25 03:04:51.180 [DEBUG] restoreGeometry returned True
2026-07-25 03:04:51.181 [DEBUG] Restoring video volume: 65
2026-07-25 03:04:57.251 [DEBUG] Restoring video window state: geometry=b'\x01\xd9\xd0\xcb\x00\x03\x00\x00\x00\x00\x00\n\x00\x00\x00\x04\x00\x00\x03\x8d\x00\x00\x02H\x00\x00\x00\n\x00\x00\x00#\x00\x00\x03\x8d\x00\x00\x02H\x00\x00\x00\x00\x00\x00\x00\x00\x07\x80\x00\x00\x00\n\x00\x00\x00#\x00\x00\x03\x8d\x00\x00\x02H'
2026-07-25 03:04:57.252 [DEBUG] restoreGeometry returned True
2026-07-25 03:04:57.253 [DEBUG] Restoring video volume: 65
2026-07-25 03:04:57.255 [DEBUG] Watch mode enabled; starting source watcher
2026-07-25 03:04:57.259 [INFO] Entering Qt event loop
2026-07-25 03:05:05.860 [DEBUG] Displaying chat message from frokf0t: @azethrone дс там нужен
2026-07-25 03:05:19.005 [DEBUG] Displaying chat message from frokf0t: @azethrone а ты уже на жопу сел ну сиди
2026-07-25 03:06:01.012 [DEBUG] Displaying chat message from demon_mp: Агнес работает оперативно
2026-07-25 03:06:27.562 [DEBUG] Displaying chat message from xxhumba: @frokf0t только дс или еще что то?)
2026-07-25 03:07:17.508 [DEBUG] Displaying chat message from azethrone: @xxhumba для МГ нужен только ДС
2026-07-25 03:07:55.380 [DEBUG] Source change detected: C:\Tools\Twitcher\mainmenu.py
2026-07-25 03:07:55.380 [DEBUG] Requesting Qt application quit from watcher thread
2026-07-25 03:07:55.381 [DEBUG] Saving video window geometry: b'\x01\xd9\xd0\xcb\x00\x03\x00\x00\x00\x00\x00\n\x00\x00\x00\x04\x00\x00\x03\x8d\x00\x00\x02H\x00\x00\x00\n\x00\x00\x00#\x00\x00\x03\x8d\x00\x00\x02H\x00\x00\x00\x00\x00\x00\x00\x00\x07\x80\x00\x00\x00\n\x00\x00\x00#\x00\x00\x03\x8d\x00\x00\x02H'
2026-07-25 03:07:55.381 [DEBUG] Saving video volume: 85
2026-07-25 03:07:55.460 [DEBUG] MainMenu.closeEvent invoked
2026-07-25 03:07:55.463 [DEBUG] Saving video window geometry: b'\x01\xd9\xd0\xcb\x00\x03\x00\x00\x00\x00\x00\n\x00\x00\x00\x04\x00\x00\x03\x8d\x00\x00\x02H\x00\x00\x00\n\x00\x00\x00#\x00\x00\x03\x8d\x00\x00\x02H\x00\x00\x00\x00\x00\x00\x00\x00\x07\x80\x00\x00\x00\n\x00\x00\x00#\x00\x00\x03\x8d\x00\x00\x02H'
2026-07-25 03:07:55.463 [DEBUG] Saving video volume: 85
2026-07-25 03:07:55.469 [INFO] Qt event loop exited with code 0
2026-07-25 03:08:01.834 [DEBUG] Restoring video window state: geometry=b'\x01\xd9\xd0\xcb\x00\x03\x00\x00\x00\x00\x00\n\x00\x00\x00\x04\x00\x00\x03\x8d\x00\x00\x02H\x00\x00\x00\n\x00\x00\x00#\x00\x00\x03\x8d\x00\x00\x02H\x00\x00\x00\x00\x00\x00\x00\x00\x07\x80\x00\x00\x00\n\x00\x00\x00#\x00\x00\x03\x8d\x00\x00\x02H'
2026-07-25 03:08:01.835 [DEBUG] restoreGeometry returned True
2026-07-25 03:08:01.835 [DEBUG] Restoring video volume: 85
2026-07-25 03:08:08.236 [DEBUG] Restoring video window state: geometry=b'\x01\xd9\xd0\xcb\x00\x03\x00\x00\x00\x00\x00\n\x00\x00\x00\x04\x00\x00\x03\x8d\x00\x00\x02H\x00\x00\x00\n\x00\x00\x00#\x00\x00\x03\x8d\x00\x00\x02H\x00\x00\x00\x00\x00\x00\x00\x00\x07\x80\x00\x00\x00\n\x00\x00\x00#\x00\x00\x03\x8d\x00\x00\x02H'
2026-07-25 03:08:08.237 [DEBUG] restoreGeometry returned True
2026-07-25 03:08:08.237 [DEBUG] Restoring video volume: 85
2026-07-25 03:08:08.239 [DEBUG] Watch mode enabled; starting source watcher
2026-07-25 03:08:08.243 [INFO] Entering Qt event loop
2026-07-25 03:08:30.000 [DEBUG] Displaying chat message from balamutka27: @demon_mp а то семья ж
2026-07-25 03:09:02.281 [DEBUG] Source change detected: C:\Tools\Twitcher\mainmenu.py
2026-07-25 03:09:02.282 [DEBUG] Requesting Qt application quit from watcher thread
2026-07-25 03:09:02.282 [DEBUG] Saving video window geometry: b'\x01\xd9\xd0\xcb\x00\x03\x00\x00\x00\x00\x00\n\x00\x00\x00\x04\x00\x00\x03\x8d\x00\x00\x02H\x00\x00\x00\n\x00\x00\x00#\x00\x00\x03\x8d\x00\x00\x02H\x00\x00\x00\x00\x00\x00\x00\x00\x07\x80\x00\x00\x00\n\x00\x00\x00#\x00\x00\x03\x8d\x00\x00\x02H'
2026-07-25 03:09:02.283 [DEBUG] Saving video volume: 85
2026-07-25 03:09:02.376 [DEBUG] MainMenu.closeEvent invoked
2026-07-25 03:09:02.377 [DEBUG] Saving video window geometry: b'\x01\xd9\xd0\xcb\x00\x03\x00\x00\x00\x00\x00\n\x00\x00\x00\x04\x00\x00\x03\x8d\x00\x00\x02H\x00\x00\x00\n\x00\x00\x00#\x00\x00\x03\x8d\x00\x00\x02H\x00\x00\x00\x00\x00\x00\x00\x00\x07\x80\x00\x00\x00\n\x00\x00\x00#\x00\x00\x03\x8d\x00\x00\x02H'
2026-07-25 03:09:02.378 [DEBUG] Saving video volume: 85
2026-07-25 03:09:02.382 [INFO] Qt event loop exited with code 0
2026-07-25 03:09:08.071 [DEBUG] Restoring video window state: geometry=b'\x01\xd9\xd0\xcb\x00\x03\x00\x00\x00\x00\x00\n\x00\x00\x00\x04\x00\x00\x03\x8d\x00\x00\x02H\x00\x00\x00\n\x00\x00\x00#\x00\x00\x03\x8d\x00\x00\x02H\x00\x00\x00\x00\x00\x00\x00\x00\x07\x80\x00\x00\x00\n\x00\x00\x00#\x00\x00\x03\x8d\x00\x00\x02H'
2026-07-25 03:09:08.071 [DEBUG] restoreGeometry returned True
2026-07-25 03:09:08.072 [DEBUG] Restoring video volume: 85
2026-07-25 03:09:13.881 [DEBUG] Restoring video window state: geometry=b'\x01\xd9\xd0\xcb\x00\x03\x00\x00\x00\x00\x00\n\x00\x00\x00\x04\x00\x00\x03\x8d\x00\x00\x02H\x00\x00\x00\n\x00\x00\x00#\x00\x00\x03\x8d\x00\x00\x02H\x00\x00\x00\x00\x00\x00\x00\x00\x07\x80\x00\x00\x00\n\x00\x00\x00#\x00\x00\x03\x8d\x00\x00\x02H'
2026-07-25 03:09:13.887 [DEBUG] restoreGeometry returned True
2026-07-25 03:09:13.892 [DEBUG] Restoring video volume: 85
2026-07-25 03:09:13.944 [DEBUG] Watch mode enabled; starting source watcher
2026-07-25 03:09:13.950 [INFO] Entering Qt event loop
2026-07-25 03:09:50.847 [DEBUG] Displaying chat message from frokf0t: @azethrone принимай дс
2026-07-25 03:10:16.717 [DEBUG] Displaying chat message from Nightbot: Заходи и играй вместе с нами на проекте GTA 5 RP.https://gta5rp.com/
2026-07-25 03:12:07.069 [DEBUG] Source change detected: C:\Tools\Twitcher\mainmenu.py
2026-07-25 03:12:07.070 [DEBUG] Requesting Qt application quit from watcher thread
2026-07-25 03:12:07.071 [DEBUG] MainMenu.closeEvent invoked
2026-07-25 03:12:07.075 [DEBUG] Saving video window geometry: b'\x01\xd9\xd0\xcb\x00\x03\x00\x00\x00\x00\x00\n\x00\x00\x00\x04\x00\x00\x03\x8d\x00\x00\x02H\x00\x00\x00\n\x00\x00\x00#\x00\x00\x03\x8d\x00\x00\x02H\x00\x00\x00\x00\x00\x00\x00\x00\x07\x80\x00\x00\x00\n\x00\x00\x00#\x00\x00\x03\x8d\x00\x00\x02H'
2026-07-25 03:12:07.076 [DEBUG] Saving video volume: 85
2026-07-25 03:12:07.212 [DEBUG] Saving video window geometry: b'\x01\xd9\xd0\xcb\x00\x03\x00\x00\x00\x00\x00\n\x00\x00\x00\x04\x00\x00\x03\x8d\x00\x00\x02H\x00\x00\x00\n\x00\x00\x00#\x00\x00\x03\x8d\x00\x00\x02H\x00\x00\x00\x00\x00\x00\x00\x00\x07\x80\x00\x00\x00\n\x00\x00\x00#\x00\x00\x03\x8d\x00\x00\x02H'
2026-07-25 03:12:07.213 [DEBUG] Saving video volume: 85
2026-07-25 03:12:07.223 [INFO] Qt event loop exited with code 0
2026-07-25 03:13:04.027 [DEBUG] Restoring video window state: geometry=b'\x01\xd9\xd0\xcb\x00\x03\x00\x00\x00\x00\x00\n\x00\x00\x00\x04\x00\x00\x03\x8d\x00\x00\x02H\x00\x00\x00\n\x00\x00\x00#\x00\x00\x03\x8d\x00\x00\x02H\x00\x00\x00\x00\x00\x00\x00\x00\x07\x80\x00\x00\x00\n\x00\x00\x00#\x00\x00\x03\x8d\x00\x00\x02H'
2026-07-25 03:13:04.027 [DEBUG] restoreGeometry returned True
2026-07-25 03:13:04.028 [DEBUG] Restoring video volume: 85
2026-07-25 03:15:20.014 [DEBUG] Restoring video window state: geometry=b'\x01\xd9\xd0\xcb\x00\x03\x00\x00\x00\x00\x00\n\x00\x00\x00\x04\x00\x00\x03\x8d\x00\x00\x02H\x00\x00\x00\n\x00\x00\x00#\x00\x00\x03\x8d\x00\x00\x02H\x00\x00\x00\x00\x00\x00\x00\x00\x07\x80\x00\x00\x00\n\x00\x00\x00#\x00\x00\x03\x8d\x00\x00\x02H'
2026-07-25 03:15:20.015 [DEBUG] restoreGeometry returned True
2026-07-25 03:15:20.016 [DEBUG] Restoring video volume: 85
2026-07-25 03:15:26.464 [DEBUG] Restoring video window state: geometry=b'\x01\xd9\xd0\xcb\x00\x03\x00\x00\x00\x00\x00\n\x00\x00\x00\x04\x00\x00\x03\x8d\x00\x00\x02H\x00\x00\x00\n\x00\x00\x00#\x00\x00\x03\x8d\x00\x00\x02H\x00\x00\x00\x00\x00\x00\x00\x00\x07\x80\x00\x00\x00\n\x00\x00\x00#\x00\x00\x03\x8d\x00\x00\x02H'
2026-07-25 03:15:26.465 [DEBUG] restoreGeometry returned True
2026-07-25 03:15:26.466 [DEBUG] Restoring video volume: 85
2026-07-25 03:15:26.467 [DEBUG] Watch mode enabled; starting source watcher
2026-07-25 03:15:26.471 [INFO] Entering Qt event loop
